$ pnpm typecheck

Already up to date
Done in 440ms using pnpm v11.5.1
src/devtools/core/controller.ts(370,16): error TS7006: Parameter 'node' implicitly has an 'any' type.
src/devtools/core/controller.ts(388,18): error TS2345: Argument of type 'FabricaEventHandler<"click", HTMLElement>' is not assignable to parameter of type 'RenderValue'.
  Type 'FabricaEventHandler<"click", HTMLElement>' is not assignable to type 'Signal<unknown>'.
    Type 'FabricaEventHandler<"click", HTMLElement>' is not assignable to type '() => unknown'.
      Target signature provides too few arguments. Expected 1 or more, but got 0.
src/devtools/core/controller.ts(395,16): error TS7006: Parameter 'node' implicitly has an 'any' type.
src/devtools/core/controller.ts(616,18): error TS2345: Argument of type 'FabricaEventHandler<"click", HTMLElement>' is not assignable to parameter of type 'RenderValue'.
  Type 'FabricaEventHandler<"click", HTMLElement>' is not assignable to type 'Signal<unknown>'.
    Type 'FabricaEventHandler<"click", HTMLElement>' is not assignable to type '() => unknown'.
      Target signature provides too few arguments. Expected 1 or more, but got 0.
src/devtools/core/controller.ts(620,16): error TS7006: Parameter 'node' implicitly has an 'any' type.
src/devtools/core/controller.ts(651,21): error TS2345: Argument of type 'FabricaEventHandler<"submit", HTMLFormElement>' is not assignable to parameter of type 'RenderValue'.
  Type 'FabricaEventHandler<"submit", HTMLFormElement>' is not assignable to type 'Signal<unknown>'.
    Type 'FabricaEventHandler<"submit", HTMLFormElement>' is not assignable to type '() => unknown'.
      Target signature provides too few arguments. Expected 1 or more, but got 0.
src/devtools/core/controller.ts(655,18): error TS7006: Parameter 'node' implicitly has an 'any' type.
src/devtools/core/controller.ts(664,22): error TS7006: Parameter 'node' implicitly has an 'any' type.
src/devtools/core/controller.ts(699,18): error TS7006: Parameter 'node' implicitly has an 'any' type.
src/devtools/core/controller.ts(706,59): error TS2345: Argument of type 'FabricaEventHandler<"click", HTMLElement>' is not assignable to parameter of type 'RenderValue'.
  Type 'FabricaEventHandler<"click", HTMLElement>' is not assignable to type 'Signal<unknown>'.
    Type 'FabricaEventHandler<"click", HTMLElement>' is not assignable to type '() => unknown'.
      Target signature provides too few arguments. Expected 1 or more, but got 0.
src/devtools/core/controller.ts(711,22): error TS7006: Parameter 'node' implicitly has an 'any' type.
src/devtools/core/execute-javascript.ts(680,41): error TS2339: Property 'eval' does not exist on type 'Window'.
src/devtools/core/shell.ts(281,14): error TS7006: Parameter 'node' implicitly has an 'any' type.
src/devtools/core/shell.ts(292,16): error TS7006: Parameter 'node' implicitly has an 'any' type.
src/devtools/core/shell.ts(304,16): error TS7006: Parameter 'node' implicitly has an 'any' type.
src/devtools/core/shell.ts(313,18): error TS7006: Parameter 'node' implicitly has an 'any' type.
src/devtools/core/shell.ts(321,18): error TS7006: Parameter 'node' implicitly has an 'any' type.
src/devtools/core/shell.ts(331,18): error TS7006: Parameter 'node' implicitly has an 'any' type.
src/devtools/core/shell.ts(339,18): error TS7006: Parameter 'node' implicitly has an 'any' type.
src/devtools/core/shell.ts(347,18): error TS7006: Parameter 'node' implicitly has an 'any' type.
src/devtools/panels/console-components.ts(380,14): error TS7006: Parameter 'node' implicitly has an 'any' type.
src/devtools/panels/console-components.ts(386,88): error TS2345: Argument of type 'FabricaEventHandler<"click", HTMLElement>' is not assignable to parameter of type 'RenderValue'.
  Type 'FabricaEventHandler<"click", HTMLElement>' is not assignable to type 'Signal<unknown>'.
    Type 'FabricaEventHandler<"click", HTMLElement>' is not assignable to type '() => unknown'.
      Target signature provides too few arguments. Expected 1 or more, but got 0.
src/devtools/panels/console-components.ts(394,24): error TS2345: Argument of type 'FabricaEventHandler<"click", HTMLElement>' is not assignable to parameter of type 'RenderValue'.
  Type 'FabricaEventHandler<"click", HTMLElement>' is not assignable to type 'Signal<unknown>'.
    Type 'FabricaEventHandler<"click", HTMLElement>' is not assignable to type '() => unknown'.
      Target signature provides too few arguments. Expected 1 or more, but got 0.
src/devtools/panels/console-components.ts(406,48): error TS7006: Parameter 'node' implicitly has an 'any' type.
src/devtools/panels/console-components.ts(422,16): error TS7006: Parameter 'node' implicitly has an 'any' type.
src/devtools/panels/console.functions.ts(216,36): error TS7006: Parameter 'code' implicitly has an 'any' type.
src/devtools/panels/console.functions.ts(225,23): error TS7006: Parameter 'selector' implicitly has an 'any' type.
src/devtools/panels/console.functions.ts(226,23): error TS7006: Parameter 'selector' implicitly has an 'any' type.
src/devtools/panels/console.functions.ts(251,38): error TS7053: Element implicitly has an 'any' type because expression of type 'any' can't be used to index type '{}'.
src/devtools/panels/console.functions.ts(288,25): error TS7006: Parameter 'e' implicitly has an 'any' type.
src/devtools/panels/console.functions.ts(315,20): error TS7015: Element implicitly has an 'any' type because index expression is not of type 'number'.
src/devtools/panels/console.functions.ts(317,26): error TS7015: Element implicitly has an 'any' type because index expression is not of type 'number'.
src/devtools/panels/console.functions.ts(318,25): error TS7015: Element implicitly has an 'any' type because index expression is not of type 'number'.
src/devtools/panels/console.functions.ts(328,44): error TS18046: 'err' is of type 'unknown'.
src/devtools/panels/console.functions.ts(328,60): error TS18046: 'err' is of type 'unknown'.
src/devtools/panels/console.functions.ts(328,91): error TS18046: 'err' is of type 'unknown'.
src/devtools/panels/console.ts(483,88): error TS2322: Type 'unknown' is not assignable to type 'Element | null | undefined'.
src/devtools/panels/elements-components.ts(567,89): error TS2345: Argument of type 'FabricaEventHandler<"click", HTMLElement>' is not assignable to parameter of type 'RenderValue'.
  Type 'FabricaEventHandler<"click", HTMLElement>' is not assignable to type 'Signal<unknown>'.
    Type 'FabricaEventHandler<"click", HTMLElement>' is not assignable to type '() => unknown'.
      Target signature provides too few arguments. Expected 1 or more, but got 0.
src/devtools/panels/elements-components.ts(577,95): error TS7006: Parameter 'node' implicitly has an 'any' type.
src/devtools/panels/elements-components.ts(583,56): error TS7006: Parameter 'node' implicitly has an 'any' type.
src/devtools/panels/elements-components.ts(589,79): error TS7006: Parameter 'node' implicitly has an 'any' type.
src/devtools/panels/elements-components.ts(608,18): error TS2345: Argument of type 'FabricaEventHandler<"click", HTMLElement>' is not assignable to parameter of type 'RenderValue'.
  Type 'FabricaEventHandler<"click", HTMLElement>' is not assignable to type 'Signal<unknown>'.
    Type 'FabricaEventHandler<"click", HTMLElement>' is not assignable to type '() => unknown'.
      Target signature provides too few arguments. Expected 1 or more, but got 0.
src/devtools/panels/elements-components.ts(631,19): error TS2345: Argument of type 'FabricaEventHandler<"change", HTMLInputElement>' is not assignable to parameter of type 'RenderValue'.
  Type 'FabricaEventHandler<"change", HTMLInputElement>' is not assignable to type 'Signal<unknown>'.
    Type 'FabricaEventHandler<"change", HTMLInputElement>' is not assignable to type '() => unknown'.
      Target signature provides too few arguments. Expected 1 or more, but got 0.
src/devtools/panels/elements-components.ts(740,156): error TS2345: Argument of type 'FabricaEventHandler<"change", HTMLInputElement>' is not assignable to parameter of type 'RenderValue'.
  Type 'FabricaEventHandler<"change", HTMLInputElement>' is not assignable to type 'Signal<unknown>'.
    Type 'FabricaEventHandler<"change", HTMLInputElement>' is not assignable to type '() => unknown'.
      Target signature provides too few arguments. Expected 1 or more, but got 0.
src/devtools/panels/elements-components.ts(790,93): error TS2345: Argument of type 'FabricaEventHandler<"click", EventTarget>' is not assignable to parameter of type 'RenderValue'.
  Type 'FabricaEventHandler<"click", EventTarget>' is not assignable to type 'Signal<unknown>'.
    Type 'FabricaEventHandler<"click", EventTarget>' is not assignable to type '() => unknown'.
      Target signature provides too few arguments. Expected 1 or more, but got 0.
src/devtools/panels/elements-components.ts(842,18): error TS2345: Argument of type 'FabricaEventHandler<"click", HTMLElement>' is not assignable to parameter of type 'RenderValue'.
  Type 'FabricaEventHandler<"click", HTMLElement>' is not assignable to type 'Signal<unknown>'.
    Type 'FabricaEventHandler<"click", HTMLElement>' is not assignable to type '() => unknown'.
      Target signature provides too few arguments. Expected 1 or more, but got 0.
src/devtools/panels/elements-components.ts(897,16): error TS2345: Argument of type 'FabricaEventHandler<"click", HTMLElement>' is not assignable to parameter of type 'RenderValue'.
  Type 'FabricaEventHandler<"click", HTMLElement>' is not assignable to type 'Signal<unknown>'.
    Type 'FabricaEventHandler<"click", HTMLElement>' is not assignable to type '() => unknown'.
      Target signature provides too few arguments. Expected 1 or more, but got 0.
src/devtools/panels/elements-components.ts(925,20): error TS2345: Argument of type 'FabricaEventHandler<"click", HTMLElement>' is not assignable to parameter of type 'RenderValue'.
  Type 'FabricaEventHandler<"click", HTMLElement>' is not assignable to type 'Signal<unknown>'.
    Type 'FabricaEventHandler<"click", HTMLElement>' is not assignable to type '() => unknown'.
      Target signature provides too few arguments. Expected 1 or more, but got 0.
src/devtools/panels/info-components.ts(81,32): error TS7006: Parameter 'node' implicitly has an 'any' type.
src/devtools/panels/info-components.ts(88,51): error TS2345: Argument of type 'FabricaEventHandler<"click", HTMLElement>' is not assignable to parameter of type 'RenderValue'.
  Type 'FabricaEventHandler<"click", HTMLElement>' is not assignable to type 'Signal<unknown>'.
    Type 'FabricaEventHandler<"click", HTMLElement>' is not assignable to type '() => unknown'.
      Target signature provides too few arguments. Expected 1 or more, but got 0.
src/devtools/panels/info-components.ts(97,55): error TS2345: Argument of type 'FabricaEventHandler<"click", HTMLElement>' is not assignable to parameter of type 'RenderValue'.
  Type 'FabricaEventHandler<"click", HTMLElement>' is not assignable to type 'Signal<unknown>'.
    Type 'FabricaEventHandler<"click", HTMLElement>' is not assignable to type '() => unknown'.
      Target signature provides too few arguments. Expected 1 or more, but got 0.
src/devtools/panels/network-components.ts(315,123): error TS2345: Argument of type 'FabricaEventHandler<"click", HTMLElement>' is not assignable to parameter of type 'RenderValue'.
  Type 'FabricaEventHandler<"click", HTMLElement>' is not assignable to type 'Signal<unknown>'.
    Type 'FabricaEventHandler<"click", HTMLElement>' is not assignable to type '() => unknown'.
      Target signature provides too few arguments. Expected 1 or more, but got 0.
src/devtools/panels/network-components.ts(325,18): error TS7006: Parameter 'node' implicitly has an 'any' type.
src/devtools/panels/network-components.ts(333,48): error TS7006: Parameter 'node' implicitly has an 'any' type.
src/devtools/panels/network-components.ts(338,72): error TS7006: Parameter 'node' implicitly has an 'any' type.
src/devtools/panels/network.functions.ts(43,98): error TS2345: Argument of type 'FabricaEventHandler<"click", HTMLElement>' is not assignable to parameter of type 'RenderValue'.
  Type 'FabricaEventHandler<"click", HTMLElement>' is not assignable to type 'Signal<unknown>'.
    Type 'FabricaEventHandler<"click", HTMLElement>' is not assignable to type '() => unknown'.
      Target signature provides too few arguments. Expected 1 or more, but got 0.
src/devtools/panels/network.functions.ts(82,88): error TS2345: Argument of type 'FabricaEventHandler<"click", EventTarget>' is not assignable to parameter of type 'RenderValue'.
  Type 'FabricaEventHandler<"click", EventTarget>' is not assignable to type 'Signal<unknown>'.
    Type 'FabricaEventHandler<"click", EventTarget>' is not assignable to type '() => unknown'.
      Target signature provides too few arguments. Expected 1 or more, but got 0.
src/devtools/panels/network.functions.ts(134,113): error TS2345: Argument of type 'FabricaEventHandler<"click", EventTarget>' is not assignable to parameter of type 'RenderValue'.
  Type 'FabricaEventHandler<"click", EventTarget>' is not assignable to type 'Signal<unknown>'.
    Type 'FabricaEventHandler<"click", EventTarget>' is not assignable to type '() => unknown'.
      Target signature provides too few arguments. Expected 1 or more, but got 0.
src/devtools/panels/panel-ui.ts(1,46): error TS2307: Cannot find module '../runtime' or its corresponding type declarations.
src/devtools/panels/resources-components.ts(239,14): error TS7006: Parameter 'node' implicitly has an 'any' type.
src/devtools/panels/resources.ts(192,73): error TS2345: Argument of type 'FabricaEventHandler<"click", HTMLElement>' is not assignable to parameter of type 'RenderValue'.
  Type 'FabricaEventHandler<"click", HTMLElement>' is not assignable to type 'Signal<unknown>'.
    Type 'FabricaEventHandler<"click", HTMLElement>' is not assignable to type '() => unknown'.
      Target signature provides too few arguments. Expected 1 or more, but got 0.
src/devtools/panels/resources.ts(211,69): error TS2345: Argument of type 'FabricaEventHandler<"click", HTMLElement>' is not assignable to parameter of type 'RenderValue'.
  Type 'FabricaEventHandler<"click", HTMLElement>' is not assignable to type 'Signal<unknown>'.
    Type 'FabricaEventHandler<"click", HTMLElement>' is not assignable to type '() => unknown'.
      Target signature provides too few arguments. Expected 1 or more, but got 0.
src/devtools/panels/resources.ts(217,55): error TS2345: Argument of type 'FabricaEventHandler<"change", HTMLInputElement>' is not assignable to parameter of type 'RenderValue'.
  Type 'FabricaEventHandler<"change", HTMLInputElement>' is not assignable to type 'Signal<unknown>'.
    Type 'FabricaEventHandler<"change", HTMLInputElement>' is not assignable to type '() => unknown'.
      Target signature provides too few arguments. Expected 1 or more, but got 0.
src/devtools/panels/resources.ts(236,69): error TS2345: Argument of type 'FabricaEventHandler<"click", HTMLElement>' is not assignable to parameter of type 'RenderValue'.
  Type 'FabricaEventHandler<"click", HTMLElement>' is not assignable to type 'Signal<unknown>'.
    Type 'FabricaEventHandler<"click", HTMLElement>' is not assignable to type '() => unknown'.
      Target signature provides too few arguments. Expected 1 or more, but got 0.
src/devtools/panels/resources.ts(259,32): error TS2345: Argument of type 'FabricaEventHandler<"click", HTMLElement>' is not assignable to parameter of type 'RenderValue'.
  Type 'FabricaEventHandler<"click", HTMLElement>' is not assignable to type 'Signal<unknown>'.
    Type 'FabricaEventHandler<"click", HTMLElement>' is not assignable to type '() => unknown'.
      Target signature provides too few arguments. Expected 1 or more, but got 0.
src/devtools/panels/resources.ts(281,73): error TS2345: Argument of type 'FabricaEventHandler<"click", HTMLElement>' is not assignable to parameter of type 'RenderValue'.
  Type 'FabricaEventHandler<"click", HTMLElement>' is not assignable to type 'Signal<unknown>'.
    Type 'FabricaEventHandler<"click", HTMLElement>' is not assignable to type '() => unknown'.
      Target signature provides too few arguments. Expected 1 or more, but got 0.
src/devtools/panels/resources.ts(300,73): error TS2345: Argument of type 'FabricaEventHandler<"click", HTMLElement>' is not assignable to parameter of type 'RenderValue'.
  Type 'FabricaEventHandler<"click", HTMLElement>' is not assignable to type 'Signal<unknown>'.
    Type 'FabricaEventHandler<"click", HTMLElement>' is not assignable to type '() => unknown'.
      Target signature provides too few arguments. Expected 1 or more, but got 0.
src/devtools/panels/resources.ts(307,39): error TS2345: Argument of type 'FabricaEventHandler<"click", HTMLElement>' is not assignable to parameter of type 'RenderValue'.
  Type 'FabricaEventHandler<"click", HTMLElement>' is not assignable to type 'Signal<unknown>'.
    Type 'FabricaEventHandler<"click", HTMLElement>' is not assignable to type '() => unknown'.
      Target signature provides too few arguments. Expected 1 or more, but got 0.
src/devtools/panels/resources.ts(321,73): error TS2345: Argument of type 'FabricaEventHandler<"click", HTMLElement>' is not assignable to parameter of type 'RenderValue'.
  Type 'FabricaEventHandler<"click", HTMLElement>' is not assignable to type 'Signal<unknown>'.
    Type 'FabricaEventHandler<"click", HTMLElement>' is not assignable to type '() => unknown'.
      Target signature provides too few arguments. Expected 1 or more, but got 0.
src/devtools/panels/resources.ts(328,58): error TS2345: Argument of type 'FabricaEventHandler<"click", HTMLElement>' is not assignable to parameter of type 'RenderValue'.
  Type 'FabricaEventHandler<"click", HTMLElement>' is not assignable to type 'Signal<unknown>'.
    Type 'FabricaEventHandler<"click", HTMLElement>' is not assignable to type '() => unknown'.
      Target signature provides too few arguments. Expected 1 or more, but got 0.
src/devtools/panels/resources.ts(489,72): error TS2345: Argument of type 'FabricaEventHandler<"click", HTMLElement>' is not assignable to parameter of type 'RenderValue'.
  Type 'FabricaEventHandler<"click", HTMLElement>' is not assignable to type 'Signal<unknown>'.
    Type 'FabricaEventHandler<"click", HTMLElement>' is not assignable to type '() => unknown'.
      Target signature provides too few arguments. Expected 1 or more, but got 0.
src/devtools/panels/resources.ts(499,44): error TS7006: Parameter 'node' implicitly has an 'any' type.
src/devtools/panels/settings-components.ts(116,14): error TS7006: Parameter 'node' implicitly has an 'any' type.
src/devtools/panels/settings.ts(264,52): error TS2345: Argument of type 'FabricaEventHandler<"click", HTMLElement>' is not assignable to parameter of type 'RenderValue'.
  Type 'FabricaEventHandler<"click", HTMLElement>' is not assignable to type 'Signal<unknown>'.
    Type 'FabricaEventHandler<"click", HTMLElement>' is not assignable to type '() => unknown'.
      Target signature provides too few arguments. Expected 1 or more, but got 0.
src/devtools/panels/settings.ts(275,25): error TS2345: Argument of type 'FabricaEventHandler<"change", HTMLInputElement>' is not assignable to parameter of type 'RenderValue'.
  Type 'FabricaEventHandler<"change", HTMLInputElement>' is not assignable to type 'Signal<unknown>'.
    Type 'FabricaEventHandler<"change", HTMLInputElement>' is not assignable to type '() => unknown'.
      Target signature provides too few arguments. Expected 1 or more, but got 0.
src/devtools/panels/settings.ts(289,25): error TS2345: Argument of type 'FabricaEventHandler<"change", HTMLInputElement>' is not assignable to parameter of type 'RenderValue'.
  Type 'FabricaEventHandler<"change", HTMLInputElement>' is not assignable to type 'Signal<unknown>'.
    Type 'FabricaEventHandler<"change", HTMLInputElement>' is not assignable to type '() => unknown'.
      Target signature provides too few arguments. Expected 1 or more, but got 0.
src/devtools/panels/settings.ts(312,25): error TS2345: Argument of type 'FabricaEventHandler<"change", HTMLInputElement>' is not assignable to parameter of type 'RenderValue'.
  Type 'FabricaEventHandler<"change", HTMLInputElement>' is not assignable to type 'Signal<unknown>'.
    Type 'FabricaEventHandler<"change", HTMLInputElement>' is not assignable to type '() => unknown'.
      Target signature provides too few arguments. Expected 1 or more, but got 0.
src/devtools/panels/settings.ts(333,24): error TS2345: Argument of type 'FabricaEventHandler<"input", HTMLInputElement>' is not assignable to parameter of type 'RenderValue'.
  Type 'FabricaEventHandler<"input", HTMLInputElement>' is not assignable to type 'Signal<unknown>'.
    Type 'FabricaEventHandler<"input", HTMLInputElement>' is not assignable to type '() => unknown'.
      Target signature provides too few arguments. Expected 1 or more, but got 0.
src/devtools/panels/shared.functions.ts(7,16): error TS2352: Conversion of type 'HtmlResult' to type 'HTMLElement' may be a mistake because neither type sufficiently overlaps with the other. If this was intentional, convert the expression to 'unknown' first.
  Type 'Node & { readonly [FABRICA_HTML_ARTIFACT]: HtmlArtifact; }' is missing the following properties from type 'HTMLElement': accessKey, accessKeyLabel, autocapitalize, autocorrect, and 268 more.
src/devtools/panels/shared.functions.ts(53,16): error TS2345: Argument of type 'FabricaEventHandler<"click", EventTarget>' is not assignable to parameter of type 'RenderValue'.
  Type 'FabricaEventHandler<"click", EventTarget>' is not assignable to type 'Signal<unknown>'.
    Type 'FabricaEventHandler<"click", EventTarget>' is not assignable to type '() => unknown'.
      Target signature provides too few arguments. Expected 1 or more, but got 0.
src/devtools/panels/snippets-components.ts(63,51): error TS2345: Argument of type 'FabricaEventHandler<"click", HTMLElement>' is not assignable to parameter of type 'RenderValue'.
  Type 'FabricaEventHandler<"click", HTMLElement>' is not assignable to type 'Signal<unknown>'.
    Type 'FabricaEventHandler<"click", HTMLElement>' is not assignable to type '() => unknown'.
      Target signature provides too few arguments. Expected 1 or more, but got 0.
src/devtools/panels/snippets-components.ts(67,53): error TS7006: Parameter 'node' implicitly has an 'any' type.
src/devtools/panels/snippets-components.ts(78,57): error TS2345: Argument of type 'FabricaEventHandler<"click", HTMLElement>' is not assignable to parameter of type 'RenderValue'.
  Type 'FabricaEventHandler<"click", HTMLElement>' is not assignable to type 'Signal<unknown>'.
    Type 'FabricaEventHandler<"click", HTMLElement>' is not assignable to type '() => unknown'.
      Target signature provides too few arguments. Expected 1 or more, but got 0.
src/devtools/panels/sources-components.ts(212,78): error TS2345: Argument of type 'FabricaEventHandler<"click", HTMLElement>' is not assignable to parameter of type 'RenderValue'.
  Type 'FabricaEventHandler<"click", HTMLElement>' is not assignable to type 'Signal<unknown>'.
    Type 'FabricaEventHandler<"click", HTMLElement>' is not assignable to type '() => unknown'.
      Target signature provides too few arguments. Expected 1 or more, but got 0.
src/devtools/panels/sources-components.ts(219,48): error TS7006: Parameter 'node' implicitly has an 'any' type.
src/devtools/panels/sources.ts(509,42): error TS7006: Parameter 'node' implicitly has an 'any' type.
src/devtools/panels/sources.ts(555,19): error TS2345: Argument of type 'FabricaEventHandler<"load", HTMLElement>' is not assignable to parameter of type 'RenderValue'.
  Type 'FabricaEventHandler<"load", HTMLElement>' is not assignable to type 'Signal<unknown>'.
    Type 'FabricaEventHandler<"load", HTMLElement>' is not assignable to type '() => unknown'.
      Target signature provides too few arguments. Expected 1 or more, but got 0.
src/devtools/panels/sources.ts(561,18): error TS7006: Parameter 'node' implicitly has an 'any' type.
src/devtools/panels/sources.ts(563,35): error TS7006: Parameter 'node' implicitly has an 'any' type.
src/devtools/panels/sources.ts(643,28): error TS2345: Argument of type 'FabricaEventHandler<"click", HTMLElement>' is not assignable to parameter of type 'RenderValue'.
  Type 'FabricaEventHandler<"click", HTMLElement>' is not assignable to type 'Signal<unknown>'.
    Type 'FabricaEventHandler<"click", HTMLElement>' is not assignable to type '() => unknown'.
      Target signature provides too few arguments. Expected 1 or more, but got 0.
src/fabrica/dom-special-attributes.ts(23,30): error TS2322: Type 'boolean' is not assignable to type 'void'.
src/fabrica/dom-special-attributes.ts(98,29): error TS2345: Argument of type 'Record<string, unknown>' is not assignable to parameter of type 'CipoStyleObject | TemplateStringsArray'.
  Type 'Record<string, unknown>' is missing the following properties from type 'TemplateStringsArray': raw, length, concat, join, and 21 more.
src/fabrica/dom.ts(1205,32): error TS2345: Argument of type 'Element' is not assignable to parameter of type 'HTMLElement & Record<string, unknown> & PropsBag & { children?: ComponentChildren; }'.
  Type 'Element' is missing the following properties from type 'HTMLElement': accessKey, accessKeyLabel, autocapitalize, autocorrect, and 131 more.
src/fabrica/dom.ts(1206,64): error TS2345: Argument of type 'Function' is not assignable to parameter of type 'Cleanup'.
  Type 'Function' provides no match for the signature '(): void'.
src/maquina/editor.ts(19,33): error TS2344: Type 'EditorState' does not satisfy the constraint 'Record<string, unknown>'.
  Index signature for type 'string' is missing in type 'EditorState'.
src/maquina/editor.ts(67,12): error TS2339: Property 'style' does not exist on type 'never'.
src/maquina/editor.ts(68,13): error TS2339: Property 'style' does not exist on type 'never'.
src/maquina/editor.ts(69,12): error TS2339: Property 'style' does not exist on type 'never'.
src/maquina/editor.ts(70,13): error TS2339: Property 'style' does not exist on type 'never'.
src/maquina/editor.ts(71,12): error TS2339: Property 'style' does not exist on type 'never'.
src/maquina/editor.ts(72,13): error TS2339: Property 'style' does not exist on type 'never'.
src/maquina/editor.ts(92,17): error TS2345: Argument of type '{ open: false; suggestions: never[]; activeSuggestion: number; }' is not assignable to parameter of type 'EditorState | StorePatchUpdater<EditorState>'.
  Type '{ open: false; suggestions: never[]; activeSuggestion: number; }' is missing the following properties from type 'EditorState': value, language, theme, suggestionFrom
src/maquina/editor.ts(136,17): error TS2345: Argument of type '{ suggestions: MaquinaCompletionItem[]; suggestionFrom: number; activeSuggestion: number; open: true; }' is not assignable to parameter of type 'EditorState | StorePatchUpdater<EditorState>'.
  Type '{ suggestions: MaquinaCompletionItem[]; suggestionFrom: number; activeSuggestion: number; open: true; }' is missing the following properties from type 'EditorState': value, language, theme
src/maquina/editor.ts(202,12): error TS2339: Property 'addEventListener' does not exist on type 'never'.
src/maquina/editor.ts(203,12): error TS2339: Property 'addEventListener' does not exist on type 'never'.
src/maquina/editor.ts(204,12): error TS2339: Property 'addEventListener' does not exist on type 'never'.
src/maquina/editor.ts(205,12): error TS2339: Property 'addEventListener' does not exist on type 'never'.
src/maquina/editor.ts(206,12): error TS2339: Property 'addEventListener' does not exist on type 'never'.
src/maquina/editor.ts(207,12): error TS2339: Property 'addEventListener' does not exist on type 'never'.
src/maquina/editor.ts(208,12): error TS2339: Property 'addEventListener' does not exist on type 'never'.
src/maquina/editor.ts(222,48): error TS2345: Argument of type 'MaquinaLanguage' is not assignable to parameter of type 'never'.
  Type '"html"' is not assignable to type 'never'.
src/maquina/editor.ts(223,43): error TS2345: Argument of type 'MaquinaThemeName' is not assignable to parameter of type 'never'.
  Type '"obsidian"' is not assignable to type 'never'.
[ELIFECYCLE] Command failed with exit code 2.

$ tsc --noEmit


exit=2
